PrimeSUD area-load benchmark v1
notices=off|cache_max=12|full_heap_free=7356304
columns=load/reset/other/pre/post/total ms; raw free heap
state=reload/pestates|areas=0|free=7343264
begin=reload/pestates/baseline
case=reload/pestates/baseline|load_ms=207|reset_ms=1|other_ms=206|pre_ms=0|post_ms=0|total_ms=207|areas0=0|areas1=1|free0=7343312|free1=7337552
begin=reload/pestates/postmerge_gc
case=reload/pestates/postmerge_gc|load_ms=329|reset_ms=1|other_ms=328|pre_ms=0|post_ms=0|total_ms=329|areas0=0|areas1=1|free0=7342912|free1=7338992
begin=reload/pestates/shared_flags
case=reload/pestates/shared_flags|load_ms=208|reset_ms=2|other_ms=206|pre_ms=0|post_ms=0|total_ms=208|areas0=0|areas1=1|free0=7342400|free1=7336640
begin=reload/pestates/shared_flags+postmerge_gc
case=reload/pestates/shared_flags+postmerge_gc|load_ms=330|reset_ms=1|other_ms=329|pre_ms=0|post_ms=0|total_ms=330|areas0=0|areas1=1|free0=7342048|free1=7338128
state=reload/catacomb|areas=0|free=7338416
begin=reload/catacomb/baseline
case=reload/catacomb/baseline|load_ms=2256|reset_ms=227|other_ms=2029|pre_ms=0|post_ms=0|total_ms=2256|areas0=0|areas1=1|free0=7338336|free1=7057376
begin=reload/catacomb/postmerge_gc
case=reload/catacomb/postmerge_gc|load_ms=2393|reset_ms=236|other_ms=2157|pre_ms=0|post_ms=0|total_ms=2393|areas0=0|areas1=1|free0=7337936|free1=7118096
begin=reload/catacomb/shared_flags
case=reload/catacomb/shared_flags|load_ms=2133|reset_ms=229|other_ms=1904|pre_ms=0|post_ms=0|total_ms=2133|areas0=0|areas1=1|free0=7337360|free1=7060016
begin=reload/catacomb/shared_flags+postmerge_gc
case=reload/catacomb/shared_flags+postmerge_gc|load_ms=2251|reset_ms=239|other_ms=2012|pre_ms=0|post_ms=0|total_ms=2251|areas0=0|areas1=1|free0=7336752|free1=7118976
state=reload/newthalos|areas=1|free=6811024
begin=reload/newthalos/baseline
case=reload/newthalos/baseline|load_ms=10798|reset_ms=1125|other_ms=9673|pre_ms=0|post_ms=0|total_ms=10798|areas0=1|areas1=2|free0=6956384|free1=5266320
begin=reload/newthalos/postmerge_gc
case=reload/newthalos/postmerge_gc|load_ms=10923|reset_ms=1101|other_ms=9822|pre_ms=0|post_ms=0|total_ms=10923|areas0=1|areas1=2|free0=6955984|free1=5525040
begin=reload/newthalos/shared_flags
case=reload/newthalos/shared_flags|load_ms=9940|reset_ms=1143|other_ms=8797|pre_ms=0|post_ms=0|total_ms=9940|areas0=1|areas1=2|free0=6955536|free1=5288832
begin=reload/newthalos/shared_flags+postmerge_gc
case=reload/newthalos/shared_flags+postmerge_gc|load_ms=10045|reset_ms=1104|other_ms=8941|pre_ms=0|post_ms=0|total_ms=10045|areas0=1|areas1=2|free0=6954864|free1=5537152
state=pressure/newthalos|areas=13|free=6196512
begin=pressure/newthalos/baseline
case=pressure/newthalos/baseline|load_ms=11992|reset_ms=2171|other_ms=9821|pre_ms=0|post_ms=0|total_ms=11992|areas0=13|areas1=14|free0=6196512|free1=3894080
begin=pressure/newthalos/postmerge_gc
case=pressure/newthalos/postmerge_gc|load_ms=12150|reset_ms=2141|other_ms=10009|pre_ms=0|post_ms=0|total_ms=12150|areas0=13|areas1=14|free0=6195792|free1=4152480
begin=pressure/newthalos/shared_flags
case=pressure/newthalos/shared_flags|load_ms=11018|reset_ms=2171|other_ms=8847|pre_ms=0|post_ms=0|total_ms=11018|areas0=13|areas1=14|free0=6195328|free1=3916240
begin=pressure/newthalos/shared_flags+postmerge_gc
case=pressure/newthalos/shared_flags+postmerge_gc|load_ms=11198|reset_ms=2147|other_ms=9051|pre_ms=0|post_ms=0|total_ms=11198|areas0=13|areas1=14|free0=6194912|free1=4165120
begin=pressure/newthalos/post_evict_baseline
case=pressure/newthalos/post_evict_baseline|load_ms=11970|reset_ms=2171|other_ms=9799|pre_ms=0|post_ms=314|total_ms=12284|areas0=13|areas1=12|free0=6194640|free1=5736528
begin=pressure/newthalos/pre_evict
case=pressure/newthalos/pre_evict|load_ms=11940|reset_ms=2176|other_ms=9764|pre_ms=1|post_ms=0|total_ms=11941|areas0=13|areas1=14|free0=6194416|free1=3891776
begin=pressure/newthalos/all_changes
case=pressure/newthalos/all_changes|load_ms=11140|reset_ms=2143|other_ms=8997|pre_ms=2|post_ms=0|total_ms=11142|areas0=13|areas1=14|free0=6193712|free1=4163568
DONE