PrimeSUD area-load benchmark v2
notices=off|cache_max=12|full_heap_free=7360832
columns=load/reset/other/pre/post/total ms; raw free heap
state=reload/pestates|areas=0|free=7348128
begin=reload/pestates/baseline
case=reload/pestates/baseline|load_ms=206|reset_ms=1|other_ms=205|pre_ms=0|post_ms=0|total_ms=206|areas0=0|areas1=1|free0=7348160|free1=7342400
begin=reload/pestates/postmerge_gc
case=reload/pestates/postmerge_gc|load_ms=328|reset_ms=2|other_ms=326|pre_ms=0|post_ms=0|total_ms=328|areas0=0|areas1=1|free0=7347760|free1=7345088
begin=reload/pestates/shared_flags
case=reload/pestates/shared_flags|load_ms=208|reset_ms=1|other_ms=207|pre_ms=0|post_ms=0|total_ms=208|areas0=0|areas1=1|free0=7347248|free1=7341488
begin=reload/pestates/shared_flags+postmerge_gc
case=reload/pestates/shared_flags+postmerge_gc|load_ms=330|reset_ms=1|other_ms=329|pre_ms=0|post_ms=0|total_ms=330|areas0=0|areas1=1|free0=7346816|free1=7342896
state=reload/catacomb|areas=0|free=7343168
begin=reload/catacomb/baseline
case=reload/catacomb/baseline|load_ms=2244|reset_ms=227|other_ms=2017|pre_ms=0|post_ms=0|total_ms=2244|areas0=0|areas1=1|free0=7343136|free1=7062176
begin=reload/catacomb/postmerge_gc
case=reload/catacomb/postmerge_gc|load_ms=2378|reset_ms=237|other_ms=2141|pre_ms=0|post_ms=0|total_ms=2378|areas0=0|areas1=1|free0=7342672|free1=7089888
begin=reload/catacomb/shared_flags
case=reload/catacomb/shared_flags|load_ms=2123|reset_ms=228|other_ms=1895|pre_ms=0|post_ms=0|total_ms=2123|areas0=0|areas1=1|free0=7342160|free1=7064800
begin=reload/catacomb/shared_flags+postmerge_gc
case=reload/catacomb/shared_flags+postmerge_gc|load_ms=2236|reset_ms=236|other_ms=2000|pre_ms=0|post_ms=0|total_ms=2236|areas0=0|areas1=1|free0=7341536|free1=7123760
state=reload/newthalos|areas=1|free=6815888
begin=reload/newthalos/baseline
case=reload/newthalos/baseline|load_ms=10759|reset_ms=1126|other_ms=9633|pre_ms=0|post_ms=0|total_ms=10759|areas0=1|areas1=2|free0=6961344|free1=5271280
begin=reload/newthalos/postmerge_gc
case=reload/newthalos/postmerge_gc|load_ms=10887|reset_ms=1103|other_ms=9784|pre_ms=0|post_ms=0|total_ms=10887|areas0=1|areas1=2|free0=6960944|free1=5530000
begin=reload/newthalos/shared_flags
case=reload/newthalos/shared_flags|load_ms=9902|reset_ms=1127|other_ms=8775|pre_ms=0|post_ms=0|total_ms=9902|areas0=1|areas1=2|free0=6960384|free1=5293552
begin=reload/newthalos/shared_flags+postmerge_gc
case=reload/newthalos/shared_flags+postmerge_gc|load_ms=10011|reset_ms=1103|other_ms=8908|pre_ms=0|post_ms=0|total_ms=10011|areas0=1|areas1=2|free0=6959696|free1=5541984
state=pressure/newthalos|areas=12|free=6203184
begin=pressure/newthalos/baseline
case=pressure/newthalos/baseline|load_ms=11969|reset_ms=2174|other_ms=9795|pre_ms=0|post_ms=0|total_ms=11969|areas0=12|areas1=13|free0=6203280|free1=3900944
begin=pressure/newthalos/postmerge_gc
case=pressure/newthalos/postmerge_gc|load_ms=12165|reset_ms=2166|other_ms=9999|pre_ms=0|post_ms=0|total_ms=12165|areas0=12|areas1=13|free0=6202528|free1=4015392
begin=pressure/newthalos/shared_flags
case=pressure/newthalos/shared_flags|load_ms=11019|reset_ms=2174|other_ms=8845|pre_ms=0|post_ms=0|total_ms=11019|areas0=12|areas1=13|free0=6202064|free1=3923072
begin=pressure/newthalos/shared_flags+postmerge_gc
case=pressure/newthalos/shared_flags+postmerge_gc|load_ms=11194|reset_ms=2147|other_ms=9047|pre_ms=0|post_ms=0|total_ms=11194|areas0=12|areas1=13|free0=6201648|free1=4171952
begin=pressure/newthalos/post_evict_baseline
case=pressure/newthalos/post_evict_baseline|load_ms=11990|reset_ms=2175|other_ms=9815|pre_ms=0|post_ms=277|total_ms=12267|areas0=12|areas1=12|free0=6201376|free1=5741456
begin=pressure/newthalos/pre_evict
case=pressure/newthalos/pre_evict|load_ms=12196|reset_ms=2212|other_ms=9984|pre_ms=580|post_ms=0|total_ms=12776|areas0=12|areas1=12|free0=6201120|free1=3934272
begin=pressure/newthalos/all_changes
case=pressure/newthalos/all_changes|load_ms=11394|reset_ms=2206|other_ms=9188|pre_ms=543|post_ms=0|total_ms=11937|areas0=12|areas1=12|free0=6200384|free1=4206032
DONE