loadworld_bench: load_world() phase split
mem free start: 7291904
mem free after init_world: 7284000
.. read pass 1/3 24ms
.. read pass 2/3 14ms
.. read pass 3/3 17ms
read: min=14ms max=24ms avg=18ms
read: 25442 bytes
.. split pass 1/3 243ms
.. split pass 2/3 244ms
.. split pass 3/3 243ms
split: min=243ms max=244ms avg=243ms
split: 276 lines
mem free after read+split: 7224416
.. snap_decode pass 1/3 623ms
.. snap_decode pass 2/3 623ms
.. snap_decode pass 3/3 623ms
snap_decode: min=623ms max=623ms avg=623ms
snap_decode: 22 records, 7047 encoded bytes
mem free after snap_decode: 7216288
.. m_parse pass 1/3 2338ms
.. m_parse pass 2/3 2337ms
.. m_parse pass 3/3 2336ms
m_parse: min=2336ms max=2338ms avg=2337ms
m_parse: 364 mob entries, 9341 bytes
mem free after m_parse: 7206592
area_load: saved room=9636 area=newthalos loaded_before=0
area_load: 17310ms
area_load: present=yes loaded_after=2
mem free after area_load: 6325872
load_world_rest: 7826ms
load_world_rest: source=file areas=2 snapshots=22
player: level=11 room=9636
mem free after load_world: 6232928
cross-check: area_load + load_world_rest = 25136ms (keyidx_bench-1.log G1 baseline for the same save: 13003ms)
Done. Results in loadworld_bench.log
