mem_soak: chunk=32768B max=400
free at start: 8185904
free after collect: 8186128
fill 8 ~256KB free=7922624
fill 16 ~512KB free=7659120
fill 24 ~768KB free=7395504
fill 32 ~1024KB free=7131904
fill 40 ~1280KB free=6868112
fill 48 ~1536KB free=6604416
fill 56 ~1792KB free=6340624
fill 64 ~2048KB free=6076800
fill 72 ~2304KB free=5812656
fill 80 ~2560KB free=5548704
fill 88 ~2816KB free=5284704
fill 96 ~3072KB free=5020656
fill 104 ~3328KB free=4756544
fill 112 ~3584KB free=4492368
fill 120 ~3840KB free=4228064
fill 128 ~4096KB free=3963760
fill 136 ~4352KB free=3698880
fill 144 ~4608KB free=3434464
fill 152 ~4864KB free=3170000
fill 160 ~5120KB free=2905472
fill 168 ~5376KB free=2640880
fill 176 ~5632KB free=2376224
fill 184 ~5888KB free=2111504
fill 192 ~6144KB free=1846720
fill 200 ~6400KB free=1581872
fill 208 ~6656KB free=1316976
fill 216 ~6912KB free=1052032
fill 224 ~7168KB free=787024
fill 232 ~7424KB free=521952
fill 240 ~7680KB free=256816
filled 247 chunks = 7904KB in 4537ms (MemoryError)
.. verify 1 at 64
.. verify 1 at 128
.. verify 1 at 192
verify pass 1: 0 bad of 243 in 16340ms
.. verify 2 at 64
.. verify 2 at 128
.. verify 2 at 192
verify pass 2: 0 bad of 243 in 16560ms
free after release: 8150912
Done. Results in mem_soak.log
