recommend_bench: recommend-scan timings
mem free start: 7419792
boot: load_world 11950ms source=file
player: level=10 room=2133 learned=20 gold=140 silver=1642
mem free after boot: 7161088
binprobe: head type=str len=20 [71 66 48 49 243 1 30 0 111 223 0 0 45 0 76 0 114 0 4 1]
binprobe: first16 MISMATCH
binprobe: seek(57199) MATCH
binprobe: full len=80283 MATCH sum=4853482 MATCH
io_summary: 1 record reads, 56700B (+4096B head +strings)
.. io_summary pass 1/3 39ms
.. io_summary pass 2/3 38ms
.. io_summary pass 3/3 38ms
io_summary: min=38ms max=39ms avg=38ms
io_wield: 1 record reads, 17730B (+4096B head +strings)
.. io_wield pass 1/3 32ms
.. io_wield pass 2/3 31ms
.. io_wield pass 3/3 31ms
io_wield: min=31ms max=32ms avg=31ms
mem free after io: 7160080
.. scan_summary pass 1/3 191ms
.. scan_summary pass 2/3 197ms
.. scan_summary pass 3/3 196ms
scan_summary: min=191ms max=197ms avg=194ms
.. scan_summary shield: 1 rows, top +140 a White Pawn's Shield
.. scan_summary float: 1 rows, top +30 a pale blue stone
.. scan_summary hands: 1 rows, top +40 a pair of White Pawn's Gloves
.. scan_summary legs: 1 rows, top +160 a pair of White Pawn's Leggings
.. scan_summary about: 1 rows, top +125 a White Pawn's Cape
.. scan_summary head: 1 rows, top +110 a White Pawn's Helmet
.. scan_summary waist: 1 rows, top +140 a White Pawn's Belt
.. scan_summary finger: 1 rows, top +76 a troll signet ring
.. scan_summary arms: 1 rows, top +150 a pair of White Pawn's Sleeves
.. scan_summary wield: 1 rows, top +75 a White Pawn's Halberd
.. scan_summary feet: 1 rows, top +180 a pair of White Pawn's Boots
.. scan_summary wrist: 1 rows, top +160 a White Pawn's Bracer
.. scan_summary neck: 1 rows, top +110 a White Pawn's Cloak
mem free after scan_summary: 7154224
.. scan_wield pass 1/3 164ms
.. scan_wield pass 2/3 164ms
.. scan_wield pass 3/3 165ms
scan_wield: min=164ms max=165ms avg=164ms
.. scan_wield wield: 8 rows, top +75 a White Pawn's Halberd
mem free after scan_wield: 7156000
.. scan_mobs pass 1/3 2393ms
.. scan_mobs pass 2/3 2379ms
.. scan_mobs pass 3/3 2378ms
scan_mobs: min=2378ms max=2393ms avg=2383ms
scan_mobs: 10 candidates
mem free after scan_mobs: 7154352
Done. Results in recommend_bench.log
