recommend_bench: recommend-scan timings
mem free start: 7421824
boot: load_world 11879ms source=file
player: level=10 room=2133 learned=20 gold=140 silver=1642
mem free after boot: 7163136
io_summary: 4 reads, 182215B (+1024B head)
.. io_summary pass 1/3 85ms
.. io_summary pass 2/3 82ms
.. io_summary pass 3/3 81ms
io_summary: min=81ms max=85ms avg=82ms
io_wield: 1 reads, 57993B (+1024B head)
.. io_wield pass 1/3 28ms
.. io_wield pass 2/3 28ms
.. io_wield pass 3/3 28ms
io_wield: min=28ms max=28ms avg=28ms
mem free after io: 7162512
.. scan_summary pass 1/3 8012ms
.. scan_summary pass 2/3 8012ms
.. scan_summary pass 3/3 8012ms
scan_summary: min=8012ms max=8012ms avg=8012ms
.. scan_summary shield: 1 rows, top +140 a White Pawn's Shield
.. scan_summary float: 1 rows, top +30 a pale blue stone
.. scan_summary hands: 1 rows, top +40 a pair of White Pawn's Gloves
.. scan_summary legs: 1 rows, top +160 a pair of White Pawn's Leggings
.. scan_summary about: 1 rows, top +125 a White Pawn's Cape
.. scan_summary head: 1 rows, top +110 a White Pawn's Helmet
.. scan_summary waist: 1 rows, top +140 a White Pawn's Belt
.. scan_summary finger: 1 rows, top +76 a troll signet ring
.. scan_summary arms: 1 rows, top +150 a pair of White Pawn's Sleeves
.. scan_summary wield: 1 rows, top +75 a White Pawn's Halberd
.. scan_summary feet: 1 rows, top +180 a pair of White Pawn's Boots
.. scan_summary wrist: 1 rows, top +160 a White Pawn's Bracer
.. scan_summary neck: 1 rows, top +110 a White Pawn's Cloak
mem free after scan_summary: 7156352
.. scan_wield pass 1/3 3024ms
.. scan_wield pass 2/3 3024ms
.. scan_wield pass 3/3 3025ms
scan_wield: min=3024ms max=3025ms avg=3024ms
.. scan_wield wield: 8 rows, top +75 a White Pawn's Halberd
mem free after scan_wield: 7158368
.. scan_mobs pass 1/3 2333ms
.. scan_mobs pass 2/3 2330ms
.. scan_mobs pass 3/3 2329ms
scan_mobs: min=2329ms max=2333ms avg=2330ms
scan_mobs: 10 candidates
mem free after scan_mobs: 7156720
Done. Results in recommend_bench.log
