zz_compile_probe: compile-vs-exec split per module
mem free start: 8179808
compile() available

combat: 62775 bytes source
.. real import (closure, reference) 10827ms
.. compile pass 1/3 3507ms
.. compile pass 2/3 3318ms
.. compile pass 3/3 3474ms
.. exec pass 1/3 11ms
.. exec pass 2/3 15ms
.. exec pass 3/3 10ms
combat: compile 3433ms, exec 12ms -- compile share 99%
mem free: 7622656

skills_table: 24925 bytes source
.. real import (closure, reference) 1ms
.. compile pass 1/3 1411ms
.. compile pass 2/3 1405ms
.. compile pass 3/3 1410ms
.. exec pass 1/3 12ms
.. exec pass 2/3 15ms
.. exec pass 3/3 9ms
skills_table: compile 1408ms, exec 12ms -- compile share 99%
mem free: 7622416

mobprog: 61645 bytes source
.. real import (closure, reference) 28919ms
.. compile pass 1/3 6061ms
.. compile pass 2/3 5679ms
.. compile pass 3/3 6092ms
.. exec pass 1/3 21ms
.. exec pass 2/3 140ms
.. exec pass 3/3 27ms
mobprog: compile 5944ms, exec 62ms -- compile share 98%
mem free: 7225216

Done. Results in zz_compile_probe.log
